// Jest Snapshot v1, https://goo.gl/fbAQLP

exports[`renders correctly 1`] = `
<div
  className="css-1m8njz9-Table"
>
  <div>
    Page
  </div>
  <ul
    className="css-yk9mnw-Table"
  />
</div>
`;
